{"trainId":4974,"updateTimesTrainPathNodes":[{"trainPathNodeId":3880,"arrivalTime":"2003-05-01T07:00:00","departureTime":"2003-05-01T07:00:00","minimumRunTime":null,"minimumStopTime":"P0D","stopStatus":"commercialStop"},{"trainPathNodeId":4246,"arrivalTime":"2003-05-01T07:01:42","departureTime":"2003-05-01T07:01:42","minimumRunTime":"PT1M42S","minimumStopTime":"P0D","stopStatus":"passing"},{"trainPathNodeId":4610,"arrivalTime":"2003-05-01T07:04:38","departureTime":"2003-05-01T07:04:38","minimumRunTime":"PT2M56S","minimumStopTime":"P0D","stopStatus":"commercialStop"}]}