[
  {
    "description": "Unknown"
  },
  {
    "description": "Freight"
  },
  {
    "description": "Passenger"
  }
]