[
  {
    "id": 348,
    "code": "85NH",
    "nodeTracks": [
      {
        "id": 349,
        "code": "1",
        "debugString": "stationtrack:85NH_1"
      },
      {
        "id": 350,
        "code": "2",
        "debugString": "stationtrack:85NH_2"
      }
    ],
    "debugString": "station:85NH"
  },
  {
    "id": 281,
    "code": "85JE",
    "nodeTracks": [],
    "debugString": "station:85JE"
  }
]