[
  {
    "id": 15,
    "code": "45ZSAA",
    "nodeTracks": [
      {
        "id": 16,
        "code": "1",
        "debugString": "stationtrack:45ZSAA_1"
      },
      {
        "id": 17,
        "code": "2",
        "debugString": "stationtrack:45ZSAA_2"
      }
    ],
    "debugString": "station:45ZSAA"
  },
  {
    "id": 24,
    "code": "45ZWAA",
    "nodeTracks": [
      {
        "id": 25,
        "code": "1",
        "debugString": "stationtrack:45ZWAA_1"
      },
      {
        "id": 26,
        "code": "2",
        "debugString": "stationtrack:45ZWAA_2"
      }
    ],
    "debugString": "station:45ZWAA"
  }
]