[
  {
    "id": 885,
    "code": "838",
    "sectionCode": "61010",
    "weight": 37040,
    "debugString": "sectiontrack:s_61010 n_85AR 838"
  },
  {
    "id": 886,
    "code": "2",
    "sectionCode": "61010",
    "weight": 37040,
    "debugString": "sectiontrack:s_61010 n_85AR 2"
  },
  {
    "id": 887,
    "code": "835",
    "sectionCode": "61010",
    "weight": 20910,
    "debugString": "sectiontrack:s_61010 n_85JE 835"
  }
]