[
  {
    "id": 883,
    "code": "955",
    "sectionCode": "61005",
    "weight": 22260,
    "debugString": "sectiontrack:s_61005 n_85NH 955"
  },
  {
    "id": 884,
    "code": "855",
    "sectionCode": "61005",
    "weight": 22260,
    "debugString": "sectiontrack:s_61005 n_85NH 855"
  },
  {
    "id": 1157,
    "code": "752",
    "sectionCode": "73000",
    "weight": 13440,
    "debugString": "sectiontrack:s_73000 n_85NH 752"
  },
  {
    "id": 885,
    "code": "838",
    "sectionCode": "61010",
    "weight": 37040,
    "debugString": "sectiontrack:s_61010 n_85AR 838"
  },
  {
    "id": 886,
    "code": "2",
    "sectionCode": "61010",
    "weight": 37040,
    "debugString": "sectiontrack:s_61010 n_85AR 2"
  }
]