[{"ID":885,"Code":"838","SectionCode":"61010","Weight":37040,"DebugString":"sectiontrack:s_61010 n_85AR 838"},{"ID":886,"Code":"2","SectionCode":"61010","Weight":37040,"DebugString":"sectiontrack:s_61010 n_85AR 2"}]