{"RoutingEdges":
  [
    {
      "StartSectionTrackID":885,
      "EndNodeTrackID":162,
      "NodeID":161
    },
    {
      "StartSectionTrackID":886,
      "EndNodeTrackID":162,
      "NodeID":161
    },
    {
      "StartSectionTrackID":887,
      "EndNodeTrackID":162,
      "NodeID":161
    }
  ]
}