{
  "fromTime": "2003-01-01T10:20:30",
  "toTime": "2003-01-01T11:00:00"
}