{
  "id": 2060,
  "trainPathNodes": [
    {
      "id": 1332,
      "sectionTrackId": null,
      "nodeId": 18,
      "nodeTrackId": null,
      "formationId": 1187,
      "arrivalTime": "2003-05-01T00:05:00",
      "departureTime": "2003-05-01T00:05:00",
      "minimumRunTime": null,
      "minimumStopTime": "P0D",
      "stopStatus": "commercialStop",
      "sequenceNumber": 0
    },
    {
      "id": 1696,
      "sectionTrackId": 1172,
      "nodeId": 10,
      "nodeTrackId": null,
      "formationId": null,
      "arrivalTime": "2003-05-01T00:10:00",
      "departureTime": "2003-05-01T00:10:00",
      "minimumRunTime": "PT5M",
      "minimumStopTime": "P0D",
      "stopStatus": "commercialStop",
      "sequenceNumber": 1
    }
  ],
  "debugString": "RVZH_1_1_J03 tt_(G)"
}