{
    "ID": 161,
    "Code": "ZUE",
    "DebugString": "station:0085HEDN",
    "NodeTracks": []
}