{
  "ID": 1588,
  "Code": "9012",
  "SectionCode": "2334",
  "Weight": 9,
  "DebugString": "DebugString"
}