{
    "Weight": 10000,
    "DebugString": "sectiontrack:s_70015 n_85ZHDB 900"
}