{
  "ID": 2060,
  "DebugString": "RVZH_1_1_J03 tt_(G)",
  "TrainPathNodes":
  [
    {"ID": 1332,
      "ArrivalTime": "2003-05-01T00:04:00",
      "DepartureTime": "2003-05-01T00:05:00",
      "SectionTrackID": null,
      "NodeID": 18,
      "NodeTrackID": null,
      "FormationID": 1187,
      "MinimumRunTime": null,
      "MinimumStopTime": "P0D",
      "StopStatus": "CommercialStop",
      "SequenceNumber": 0
    },
    {
      "ID": 1696,
      "ArrivalTime": "2003-05-01T00:10:00",
      "DepartureTime": "2003-05-01T00:10:00",
      "SectionTrackID": 1171,
      "NodeID": 10,
      "NodeTrackID": null,
      "FormationID": null,
      "MinimumRunTime": "PT5M",
      "MinimumStopTime": "P0D",
      "StopStatus": "CommercialStop",
      "SequenceNumber": 1
    }
  ]
}