[
  {
    "id": 3516,
    "trainPathNodes": [
      {
        "id": 2424,
        "sectionTrackId": null,
        "nodeId": 7,
        "nodeTrackId": 8,
        "formationId": 1187,
        "arrivalTime": "2003-05-01T00:10:00",
        "departureTime": "2003-05-01T00:10:00",
        "minimumRunTime": null,
        "minimumStopTime": "P0D",
        "stopStatus": "commercialStop",
        "sequenceNumber": 0
      },
      {
        "id": 2788,
        "sectionTrackId": 1175,
        "nodeId": 15,
        "nodeTrackId": 16,
        "formationId": 1187,
        "arrivalTime": "2003-05-01T00:14:00",
        "departureTime": "2003-05-01T00:14:00",
        "minimumRunTime": "PT4M",
        "minimumStopTime": "P0D",
        "stopStatus": "passing",
        "sequenceNumber": 1
      },
      {
        "id": 3152,
        "sectionTrackId": 1174,
        "nodeId": 10,
        "nodeTrackId": 12,
        "formationId": null,
        "arrivalTime": "2003-05-01T00:19:00",
        "departureTime": "2003-05-01T00:19:00",
        "minimumRunTime": "PT5M",
        "minimumStopTime": "P0D",
        "stopStatus": "commercialStop",
        "sequenceNumber": 2
      }
    ],
    "debugString": "RVZH_3_1_J03 tt_(S)"
  },
  {
    "id": 2060,
    "trainPathNodes": [
      {
        "id": 1332,
        "sectionTrackId": null,
        "nodeId": 18,
        "nodeTrackId": null,
        "formationId": 1187,
        "arrivalTime": "2003-05-01T00:05:00",
        "departureTime": "2003-05-01T00:05:00",
        "minimumRunTime": null,
        "minimumStopTime": "P0D",
        "stopStatus": "commercialStop",
        "sequenceNumber": 0
      },
      {
        "id": 1696,
        "sectionTrackId": 1171,
        "nodeId": 10,
        "nodeTrackId": null,
        "formationId": null,
        "arrivalTime": "2003-05-01T00:10:00",
        "departureTime": "2003-05-01T00:10:00",
        "minimumRunTime": "PT5M",
        "minimumStopTime": "P0D",
        "stopStatus": "commercialStop",
        "sequenceNumber": 1
      }
    ],
    "debugString": "RVZH_1_1_J03 tt_(G)"
  }
]