[{"ID":3516,"TrainPathNodes":[{"ID":2424,"SectionTrackID":null,"NodeID":7,"NodeTrackID":8,"FormationID":1187,"ArrivalTime":"2003-05-01T00:10:00","DepartureTime":"2003-05-01T00:10:00","MinimumRunTime":null,"MinimumStopTime":"P0D","StopStatus":"CommercialStop","SequenceNumber":0},{"ID":2788,"SectionTrackID":1175,"NodeID":15,"NodeTrackID":16,"FormationID":1187,"ArrivalTime":"2003-05-01T00:14:00","DepartureTime":"2003-05-01T00:14:00","MinimumRunTime":"PT4M","MinimumStopTime":"P0D","StopStatus":"Passing","SequenceNumber":1}],"DebugString":"RVZH_3_1_J03 tt_(S)"},{"ID":2060,"TrainPathNodes":[{"ID":1696,"SectionTrackID":null,"NodeID":10,"NodeTrackID":null,"FormationID":null,"ArrivalTime":"2003-05-01T00:10:00","DepartureTime":"2003-05-01T00:10:00","MinimumRunTime":null,"MinimumStopTime":"P0D","StopStatus":"CommercialStop","SequenceNumber":1}],"DebugString":"RVZH_1_1_J03 tt_(G)"}]