[{"ID":2060,"TrainPathNodes":[{"ID":1696,"SectionTrackID":null,"NodeID":10,"NodeTrackID":null,"FormationID":null,"ArrivalTime":"2003-05-01T00:10:00","DepartureTime":"2003-05-01T00:10:00","MinimumRunTime":null,"MinimumStopTime":"P0D","StopStatus":"CommercialStop","SequenceNumber":1}],"DebugString":"RVZH_1_1_J03 tt_(G)"}]