[{"DebugString":"nodetrackclosure:85ZMUS 24","NodeID":621,"NodeTrackID":622,"ClosureTimeWindow":{"FromTime":"2003-05-01T08:00:00","ToTime":"2003-05-02T10:00:00"}},{"DebugString":"nodetrackclosure:85ZMUS 23","NodeID":621,"NodeTrackID":623,"ClosureTimeWindow":{"FromTime":"2003-05-01T08:00:00","ToTime":"2003-05-02T10:00:00"}}]