[
  {
    "debugString": "sectiontrackclosure:s_70011 1 n_85ZMUS 85ZLST A",
    "sectionTrackId": 1080,
    "fromNodeId": 621,
    "toNodeId": 620,
    "closureTimeWindowFromNode": {
      "fromTime": "2003-05-01T08:00:00",
      "toTime": "2003-05-01T09:00:00"
    },
    "closureTimeWindowToNode": {
      "fromTime": "2003-05-01T08:30:00",
      "toTime": "2003-05-01T09:30:00"
    }
  },
  {
    "debugString": "sectiontrackclosure:s_70011 0 n_85ZMUS 85ZLST A",
    "sectionTrackId": 1079,
    "fromNodeId": 621,
    "toNodeId": 620,
    "closureTimeWindowFromNode": {
      "fromTime": "2003-05-01T08:00:00",
      "toTime": "2003-05-01T09:00:00"
    },
    "closureTimeWindowToNode": {
      "fromTime": "2003-05-01T08:30:00",
      "toTime": "2003-05-01T09:30:00"
    }
  }
]