[
  {
    "id": 163,
    "code": "2",
    "debugString": "stationtrack:85AR_{StationTrack SID = 34140}"
  }
]