{
  "id": 6430,
  "trainPathNodes": [
    {
      "id": 5338,
      "sectionTrackId": null,
      "nodeId": 321,
      "nodeTrackId": 322,
      "formationId": 4108,
      "arrivalTime": "2003-05-01T06:00:00",
      "departureTime": "2003-05-01T06:00:00",
      "minimumRunTime": null,
      "minimumStopTime": "P0D",
      "stopStatus": "commercialStop",
      "sequenceNumber": 0
    },
    {
      "id": 5702,
      "sectionTrackId": 888,
      "nodeId": 281,
      "nodeTrackId": null,
      "formationId": 4108,
      "arrivalTime": "2003-05-01T06:02:42",
      "departureTime": "2003-05-01T06:02:42",
      "minimumRunTime": "PT2M42S",
      "minimumStopTime": "P0D",
      "stopStatus": "passing",
      "sequenceNumber": 1
    },
    {
      "id": 6066,
      "sectionTrackId": 887,
      "nodeId": 161,
      "nodeTrackId": 162,
      "formationId": null,
      "arrivalTime": "2003-05-01T06:03:54",
      "departureTime": "2003-05-01T06:03:54",
      "minimumRunTime": "PT1M12S",
      "minimumStopTime": "P0D",
      "stopStatus": "commercialStop",
      "sequenceNumber": 2
    }
  ],
  "debugString": "FV_9_J03 tt_(SZ)"
}