{
  "id": 3516,
  "trainPathNodes": [
    {
      "id": 2424,
      "sectionTrackId": null,
      "nodeId": 7,
      "nodeTrackId": 8,
      "formationId": 1187,
      "arrivalTime": "2003-05-01T00:10:00",
      "departureTime": "2003-05-01T00:10:00",
      "minimumRunTime": null,
      "minimumStopTime": "P0D",
      "stopStatus": "commercialStop",
      "sequenceNumber": 0
    },
    {
      "id": 11040,
      "sectionTrackId": 1165,
      "nodeId": 24,
      "nodeTrackId": 25,
      "formationId": 1187,
      "arrivalTime": "2003-05-01T00:10:00",
      "departureTime": "2003-05-01T00:10:00",
      "minimumRunTime": "P0D",
      "minimumStopTime": "P0D",
      "stopStatus": "passing",
      "sequenceNumber": 1
    },
    {
      "id": 3152,
      "sectionTrackId": 1166,
      "nodeId": 10,
      "nodeTrackId": 12,
      "formationId": null,
      "arrivalTime": "2003-05-01T00:19:00",
      "departureTime": "2003-05-01T00:19:00",
      "minimumRunTime": "PT9M",
      "minimumStopTime": "P0D",
      "stopStatus": "commercialStop",
      "sequenceNumber": 2
    }
  ],
  "debugString": "RVZH_3_1_J03 tt_(S)"
}