{
  "id": 1082,
  "code": "900",
  "sectionCode": "70015",
  "weight": 10000,
  "debugString": "sectiontrack:s_70015 n_85ZHDB 900"
}