{
  "ID":2060,
  "TrainPathNodes":
  [
    {
      "ID":1332,
      "SectionTrackID":null,
      "NodeID":18,
      "NodeTrackID":null,
      "FormationID":1187,
      "ArrivalTime":"2003-05-01T00:04:00",
      "DepartureTime":"2003-05-01T00:05:30",
      "MinimumRunTime":null,
      "MinimumStopTime":"P0D",
      "StopStatus":"OperationalStop",
      "SequenceNumber":0
    },
    {
      "ID":1696,
      "SectionTrackID":1171,
      "NodeID":10,
      "NodeTrackID":null,
      "FormationID":null,
      "ArrivalTime":"2003-05-01T00:10:30",
      "DepartureTime":"2003-05-01T00:10:30",
      "MinimumRunTime":"PT5M",
      "MinimumStopTime":"P0D",
      "StopStatus":"CommercialStop",
      "SequenceNumber":1
    }
  ],
  "DebugString":"RVZH_1_1_J03 tt_(G)"
}